Copyright 1986-2018 Xilinx, Inc. All Rights Reserved.
------------------------------------------------------------------------------------
| Tool Version : Vivado v.2018.2 (win64) Build 2258646 Thu Jun 14 20:03:12 MDT 2018
| Date         : Thu Apr 17 20:21:21 2025
| Host         : RB17 running 64-bit major release  (build 9200)
| Command      : report_control_sets -verbose -file riscv_control_sets_placed.rpt
| Design       : riscv
| Device       : xc7a100t
------------------------------------------------------------------------------------

Control Set Information

Table of Contents
-----------------
1. Summary
2. Histogram
3. Flip-Flop Distribution
4. Detailed Control Set Information

1. Summary
----------

+----------------------------------------------------------+-------+
|                          Status                          | Count |
+----------------------------------------------------------+-------+
| Number of unique control sets                            |    17 |
| Unused register locations in slices containing registers |    46 |
+----------------------------------------------------------+-------+


2. Histogram
------------

+--------+--------------+
| Fanout | Control Sets |
+--------+--------------+
|      2 |            5 |
|    16+ |           12 |
+--------+--------------+


3. Flip-Flop Distribution
-------------------------

+--------------+-----------------------+------------------------+-----------------+--------------+
| Clock Enable | Synchronous Set/Reset | Asynchronous Set/Reset | Total Registers | Total Slices |
+--------------+-----------------------+------------------------+-----------------+--------------+
| No           | No                    | No                     |              20 |            9 |
| No           | No                    | Yes                    |              14 |            2 |
| No           | Yes                   | No                     |             200 |           30 |
| Yes          | No                    | No                     |               8 |            4 |
| Yes          | No                    | Yes                    |             576 |          100 |
| Yes          | Yes                   | No                     |               0 |            0 |
+--------------+-----------------------+------------------------+-----------------+--------------+


4. Detailed Control Set Information
-----------------------------------

+------------------+----------------------------------+-------------------------+------------------+----------------+
|   Clock Signal   |           Enable Signal          |     Set/Reset Signal    | Slice Load Count | Bel Load Count |
+------------------+----------------------------------+-------------------------+------------------+----------------+
|  clk_IBUF_BUFG   | Test_Block/Out/mux1_out[1]       |                         |                1 |              2 |
|  clk_IBUF_BUFG   | Test_Block/Out/mux1_out[2]       |                         |                1 |              2 |
|  clk_IBUF_BUFG   | Test_Block/Out/mux1_out[0]       |                         |                1 |              2 |
|  clk_IBUF_BUFG   | Test_Block/Out/SegInt[3]_i_1_n_0 |                         |                1 |              2 |
|  Offset/regwrite |                                  |                         |                1 |              2 |
|  clk_IBUF_BUFG   |                                  |                         |                8 |             18 |
| ~clk_IBUF_BUFG   | Data_Mem/data_mem                | Reg/regfile_reg[3][0]_0 |                7 |             64 |
| ~clk_IBUF_BUFG   | Data_Mem/data_mem[0][31]_i_1_n_0 | Reg/regfile_reg[3][0]_0 |                9 |             64 |
| ~clk_IBUF_BUFG   | Reg/regfile[11][31]_i_1_n_0      | Reg/regfile_reg[3][0]_0 |               16 |             64 |
| ~clk_IBUF_BUFG   | Reg/regfile[2][31]_i_1_n_0       | Reg/regfile_reg[3][0]_0 |                9 |             64 |
| ~clk_IBUF_BUFG   | Reg/regfile[10][31]_i_1_n_0      | Reg/regfile_reg[3][0]_0 |               10 |             64 |
| ~clk_IBUF_BUFG   | Reg/regfile[1][31]_i_1_n_0       | Reg/regfile_reg[3][0]_0 |               12 |             64 |
| ~clk_IBUF_BUFG   | Reg/regfile[3][31]_i_1_n_0       | Reg/regfile_reg[3][0]_0 |               13 |             64 |
| ~clk_IBUF_BUFG   | Reg/regfile[8][31]_i_1_n_0       | Reg/regfile_reg[3][0]_0 |               13 |             64 |
| ~clk_IBUF_BUFG   | Reg/regfile[9][31]_i_1_n_0       | Reg/regfile_reg[3][0]_0 |               11 |             64 |
|  clk_IBUF_BUFG   |                                  | Reg/regfile_reg[3][0]_0 |                7 |             68 |
|  clk_IBUF_BUFG   |                                  | zero_reg_i_1_n_0        |               25 |            146 |
+------------------+----------------------------------+-------------------------+------------------+----------------+


